// Jest Snapshot v1, https://goo.gl/fbAQLP

exports[`should renders correctly 1`] = `
<View
  accessible={true}
  focusable={false}
  isTVSelectable={true}
  onClick={[Function]}
  onResponderGrant={[Function]}
  onResponderMove={[Function]}
  onResponderRelease={[Function]}
  onResponderTerminate={[Function]}
  onResponderTerminationRequest={[Function]}
  onStartShouldSetResponder={[Function]}
  style={
    Object {
      "backgroundColor": "#07dddd",
      "borderRadius": 10,
      "height": 50,
      "justifyContent": "center",
      "margin": 20,
      "opacity": 1,
      "width": 320,
    }
  }
>
  <Text
    style={
      Object {
        "alignSelf": "center",
        "color": "black",
        "fontSize": 18,
        "fontWeight": "bold",
      }
    }
  >
    test
  </Text>
</View>
`;
