// Jest Snapshot v1, https://goo.gl/fbAQLP

exports[`should renders correctly and generating a snapShot 1`] = `
<View
  style={
    Object {
      "flexDirection": "row",
      "justifyContent": "center",
    }
  }
>
  <TextInput
    allowFontScaling={true}
    onChangeText={[Function]}
    placeholder="Search by service name..."
    placeholderTextColor="black"
    rejectResponderTermination={true}
    style={
      Object {
        "alignSelf": "center",
        "backgroundColor": "#07dddd",
        "height": 50,
        "width": 710,
      }
    }
    underlineColorAndroid="transparent"
  />
  <Text
    allowFontScaling={false}
    style={
      Array [
        Object {
          "color": "black",
          "fontSize": 30,
        },
        Object {
          "alignSelf": "center",
          "position": "absolute",
          "right": 20,
        },
        Object {
          "fontFamily": "Ionicons",
          "fontStyle": "normal",
          "fontWeight": "normal",
        },
        Object {},
      ]
    }
  >
    ï’¥
  </Text>
</View>
`;
