// Jest Snapshot v1, https://goo.gl/fbAQLP

exports[`should renders correctly and generating a snapShot 1`] = `
<View
  style={
    Object {
      "backgroundColor": "white",
      "height": 300,
      "marginBottom": 20,
      "width": 710,
    }
  }
>
  <Image
    source={
      Object {
        "uri": "someImage",
      }
    }
    style={
      Object {
        "height": "60%",
        "width": "100%",
      }
    }
  />
  <Text
    style={
      Object {
        "color": "black",
        "fontSize": 18,
        "fontWeight": "bold",
        "padding": 5,
      }
    }
  >
    someName
  </Text>
  <Text
    style={
      Object {
        "color": "lightgrey",
        "padding": 5,
      }
    }
  />
  <View
    style={
      Object {
        "flexDirection": "row",
        "height": 30,
      }
    }
  >
    <Text
      style={
        Object {
          "alignSelf": "center",
          "justifyContent": "flex-start",
        }
      }
    />
    <Text
      style={
        Object {
          "alignSelf": "center",
          "color": "#07dddd",
          "fontWeight": "bold",
          "position": "absolute",
          "right": 10,
        }
      }
    >
       SAR 
      <Text
        style={
          Object {
            "color": "grey",
          }
        }
      >
        / Hour
      </Text>
    </Text>
  </View>
</View>
`;
